// Jest Snapshot v1, https://goo.gl/fbAQLP

exports[`renders the "CampaignTable" component correctly 1`] = `
<table
  className="ui table"
>
  <thead
    className=""
  >
    <tr
      className=""
    >
      <th
        className=""
      >
        ID
      </th>
      <th
        className=""
      >
        Campaign Name
      </th>
      <th
        className=""
      >
        Start Date
      </th>
      <th
        className=""
      >
        End Date
      </th>
      <th
        className=""
      >
        Status
      </th>
      <th
        className=""
      >
        Budget
      </th>
    </tr>
  </thead>
  <tbody
    className=""
  />
  <tfoot
    className=""
  >
    <tr
      className=""
    >
      <th
        className=""
      />
      <th
        className=""
      >
        10
         Total Campaigns
      </th>
      <th
        className=""
      />
      <th
        className=""
      />
      <th
        className=""
      />
      <th
        className=""
      />
    </tr>
  </tfoot>
</table>
`;
